Error while validating provided path: stat invalidTemplatePath: no such file or directory
